../Core/Src/main.c:153:28:OTA_GetConfig	4	static
../Core/Src/main.c:159:12:OTA_ConfigIsValid	16	static
../Core/Src/main.c:241:12:Modem_WaitForQFReadHeader	112	static
../Core/Src/main.c:493:12:Modem_GetFirmwareFilename	304	static
../Core/Src/main.c:746:13:Debug_Print	16	static
../Core/Src/main.c:814:13:Modem_Flush	16	static
../Core/Src/main.c:860:12:Modem_ReadNormal	40	static
../Core/Src/main.c:1006:12:Modem_SendCommand	24	static
../Core/Src/main.c:1071:12:Modem_SendRawCommand	16	static
../Core/Src/main.c:1119:12:Modem_WaitFor	544	static
../Core/Src/main.c:1239:12:Modem_ReadExactBinary	32	static
../Core/Src/main.c:1331:12:Modem_CheckForUpdate	1032	static
../Core/Src/main.c:1403:12:Modem_GetFirmwareSize	1048	static
../Core/Src/main.c:1521:12:Modem_OpenFirmware	536	static
../Core/Src/main.c:1623:12:Modem_ReadFile	96	static
../Core/Src/main.c:1765:12:Modem_CloseFile	592	static
../Core/Src/main.c:1825:12:Modem_DeleteFirmware	520	static
../Core/Src/main.c:1867:26:Erase_Application	24	static
../Core/Src/main.c:1925:26:Flash_WriteBuffer	48	static
../Core/Src/main.c:2169:12:Verify_Application	24	static
../Core/Src/main.c:2397:12:Modem_ConnectToInternet	1032	static
../Core/Src/main.c:2534:12:Modem_SetHTTPURL	616	static
../Core/Src/main.c:2790:12:Modem_HttpGet	1992	static
../Core/Src/main.c:3750:12:Modem_HttpRead	440	static
../Core/Src/main.c:4173:12:Modem_DownloadFirmwareFromS3	1152	static
../Core/Src/main.c:4375:12:Modem_HttpPostNoBody	1664	static
../Core/Src/main.c:4804:12:Modem_DeleteFirmwareFromS3	16	static
../Core/Src/main.c:4844:12:Modem_ReportFirmwareUpdateSuccess	1672	static
../Core/Src/main.c:5351:12:Perform_Firmware_Update	432	static
../Core/Src/main.c:5762:13:Jump_To_Application	32	static,ignoring_inline_asm
../Core/Src/main.c:5963:5:main	1296	static
../Core/Src/main.c:6271:6:SystemClock_Config	72	static
../Core/Src/main.c:6373:13:MX_USART2_UART_Init	8	static
../Core/Src/main.c:6429:13:MX_USART3_UART_Init	8	static
../Core/Src/main.c:6485:13:MX_GPIO_Init	32	static
../Core/Src/main.c:6547:6:Error_Handler	4	static,ignoring_inline_asm
